
Memory Configuration

Name             Origin             Length             Attributes
FLASH            0x00000000         0x20000000         xr
SRAM             0x20000000         0x20000000         xrw
*default*        0x00000000         0xffffffff

Linker script and memory map


.text           0x00000000      0x140
 *(.vectors*)
 .vectors       0x00000000       0x1c startup.o
                0x00000000                g_p_fn_Vectors
 *(.text*)
 .text          0x0000001c       0x98 startup.o
                0x0000001c                H_Fault_Handler
                0x0000001c                MM_Fault_Handler
                0x0000001c                Usage_Fault_Handler
                0x0000001c                Bus_Fault
                0x0000001c                Default_Handler
                0x0000001c                NMI_Handler
                0x00000028                Reset_Handler
 .text          0x000000b4       0x8c main.o
                0x000000b4                main
 *(.rodata)
                0x00000140                _E_text_ = .

.glue_7         0x00000140        0x0
 .glue_7        0x00000140        0x0 linker stubs

.glue_7t        0x00000140        0x0
 .glue_7t       0x00000140        0x0 linker stubs

.vfp11_veneer   0x00000140        0x0
 .vfp11_veneer  0x00000140        0x0 linker stubs

.v4_bx          0x00000140        0x0
 .v4_bx         0x00000140        0x0 linker stubs

.iplt           0x00000140        0x0
 .iplt          0x00000140        0x0 startup.o

.rel.dyn        0x00000140        0x0
 .rel.iplt      0x00000140        0x0 startup.o

.data           0x20000000        0x0 load address 0x00000140
                0x20000000                _S_data_ = .
 *(.data)
 .data          0x20000000        0x0 startup.o
 .data          0x20000000        0x0 main.o
                0x20000000                . = ALIGN (0x4)
                0x20000000                _E_data_ = .

.igot.plt       0x20000000        0x0 load address 0x00000140
 .igot.plt      0x20000000        0x0 startup.o

.bss            0x20000000      0x400 load address 0x00000140
                0x20000000                _S_bss_ = .
 *(.bss)
 .bss           0x20000000      0x400 startup.o
 .bss           0x20000400        0x0 main.o
                0x20000400                _E_bss_ = .
LOAD startup.o
LOAD main.o
OUTPUT(lab4-CortexM4.elf elf32-littlearm)

.debug_info     0x00000000      0x20a
 .debug_info    0x00000000      0x1a4 startup.o
 .debug_info    0x000001a4       0x66 main.o

.debug_abbrev   0x00000000      0x136
 .debug_abbrev  0x00000000       0xda startup.o
 .debug_abbrev  0x000000da       0x5c main.o

.debug_loc      0x00000000       0xb4
 .debug_loc     0x00000000       0x7c startup.o
 .debug_loc     0x0000007c       0x38 main.o

.debug_aranges  0x00000000       0x40
 .debug_aranges
                0x00000000       0x20 startup.o
 .debug_aranges
                0x00000020       0x20 main.o

.debug_line     0x00000000       0xce
 .debug_line    0x00000000       0x6b startup.o
 .debug_line    0x0000006b       0x63 main.o

.debug_str      0x00000000      0x1a7
 .debug_str     0x00000000      0x195 startup.o
                                0x1c9 (size before relaxing)
 .debug_str     0x00000195       0x12 main.o
                                 0xdd (size before relaxing)

.comment        0x00000000       0x7e
 .comment       0x00000000       0x7e startup.o
                                 0x7f (size before relaxing)
 .comment       0x0000007e       0x7f main.o

.ARM.attributes
                0x00000000       0x33
 .ARM.attributes
                0x00000000       0x33 startup.o
 .ARM.attributes
                0x00000033       0x33 main.o

.debug_frame    0x00000000       0x7c
 .debug_frame   0x00000000       0x50 startup.o
 .debug_frame   0x00000050       0x2c main.o
