
Allocating common symbols
Common symbol       size              file

AAD_state           0x4               AlarmActuatorDriver.o
CA_state_id         0x1               ComparingAlgorithm.o
AM_state_id         0x1               AlarmMonitor.o
PSD_state           0x4               PressureSensorDriver.o
AAD_state_id        0x1               AlarmActuatorDriver.o
AM_state            0x4               AlarmMonitor.o
PSD_state_id        0x1               PressureSensorDriver.o
CA_state            0x4               ComparingAlgorithm.o

Memory Configuration

Name             Origin             Length             Attributes
FLASH            0x08000000         0x00020000         xr
SRAM             0x20000000         0x00005000         xrw
*default*        0x00000000         0xffffffff

Linker script and memory map


.text           0x08000000      0x3fc
 *(.vectors*)
 .vectors       0x08000000       0x1c startup.o
                0x08000000                vectors
 *(.text*)
 .text          0x0800001c       0x98 startup.o
                0x0800001c                H_Fault_Handler
                0x0800001c                MM_Fault_Handler
                0x0800001c                Usage_Fault_Handler
                0x0800001c                Bus_Fault
                0x0800001c                Default_Handler
                0x0800001c                NMI_Handler
                0x08000028                Reset_Handler
 .text          0x080000b4       0x5c main.o
                0x080000b4                main
 .text          0x08000110       0xac AlarmActuatorDriver.o
                0x08000110                startAlarm
                0x0800012c                stopAlarm
                0x08000148                aDriver_init
                0x08000154                State_AAD_alarmOFF
                0x0800017c                State_AAD_alarmON
                0x080001a4                State_AAD_waiting
 .text          0x080001bc       0x78 ComparingAlgorithm.o
                0x080001bc                setPressureVal
                0x080001e8                State_CA_detect
                0x0800021c                State_CA_waiting
 .text          0x08000234       0xc4 driver.o
                0x08000234                Delay
                0x08000254                getPressureVal
                0x0800026c                Set_Alarm_actuator
                0x080002a8                GPIO_INITIALIZATION
 .text          0x080002f8       0x88 AlarmMonitor.o
                0x080002f8                highPressureFlag
                0x08000314                State_AM_alarmOFF
                0x0800032c                State_AM_alarmON
                0x08000350                State_AM_waiting
 .text          0x08000380       0x70 PressureSensorDriver.o
                0x08000380                pDriver_init
                0x0800038c                State_PSD_reading
                0x080003c4                State_PSD_waiting
 *(.rodata)
 .rodata        0x080003f0        0x4 ComparingAlgorithm.o
                0x080003f0                threshold
 .rodata        0x080003f4        0x4 AlarmMonitor.o
                0x080003f4                aTimer
 .rodata        0x080003f8        0x4 PressureSensorDriver.o
                0x080003f8                pTimer
                0x080003fc                _E_text_ = .

.glue_7         0x080003fc        0x0
 .glue_7        0x080003fc        0x0 linker stubs

.glue_7t        0x080003fc        0x0
 .glue_7t       0x080003fc        0x0 linker stubs

.vfp11_veneer   0x080003fc        0x0
 .vfp11_veneer  0x080003fc        0x0 linker stubs

.v4_bx          0x080003fc        0x0
 .v4_bx         0x080003fc        0x0 linker stubs

.iplt           0x080003fc        0x0
 .iplt          0x080003fc        0x0 startup.o

.rel.dyn        0x080003fc        0x0
 .rel.iplt      0x080003fc        0x0 startup.o

.data           0x20000000        0x0 load address 0x080003fc
                0x20000000                _S_data_ = .
 *(.data)
 .data          0x20000000        0x0 startup.o
 .data          0x20000000        0x0 main.o
 .data          0x20000000        0x0 AlarmActuatorDriver.o
 .data          0x20000000        0x0 ComparingAlgorithm.o
 .data          0x20000000        0x0 driver.o
 .data          0x20000000        0x0 AlarmMonitor.o
 .data          0x20000000        0x0 PressureSensorDriver.o
                0x20000000                . = ALIGN (0x4)
                0x20000000                _E_data_ = .

.igot.plt       0x20000000        0x0 load address 0x080003fc
 .igot.plt      0x20000000        0x0 startup.o

.bss            0x20000000       0x25 load address 0x080003fc
                0x20000000                _S_bss_ = .
 *(.bss)
 .bss           0x20000000        0x0 startup.o
 .bss           0x20000000        0x0 main.o
 .bss           0x20000000        0x0 AlarmActuatorDriver.o
 .bss           0x20000000        0x4 ComparingAlgorithm.o
                0x20000000                CA_pVal
 .bss           0x20000004        0x0 driver.o
 .bss           0x20000004        0x0 AlarmMonitor.o
 .bss           0x20000004        0x4 PressureSensorDriver.o
                0x20000004                PSD_pVal
                0x20000008                . = ALIGN (0x4)
                0x20000008                _E_bss_ = .
 COMMON         0x20000008        0x5 AlarmActuatorDriver.o
                0x20000008                AAD_state
                0x2000000c                AAD_state_id
 *fill*         0x2000000d        0x3 
 COMMON         0x20000010        0x8 ComparingAlgorithm.o
                0x20000010                CA_state_id
                0x20000014                CA_state
 COMMON         0x20000018        0x8 AlarmMonitor.o
                0x20000018                AM_state_id
                0x2000001c                AM_state
 COMMON         0x20000020        0x5 PressureSensorDriver.o
                0x20000020                PSD_state
                0x20000024                PSD_state_id
                0x20001025                . = (. + 0x1000)
                0x20001025                _STACK_top = .
LOAD startup.o
LOAD main.o
LOAD AlarmActuatorDriver.o
LOAD ComparingAlgorithm.o
LOAD driver.o
LOAD AlarmMonitor.o
LOAD PressureSensorDriver.o
OUTPUT(FirstTerm_Project1.elf elf32-littlearm)

.debug_info     0x00000000     0x2d0a
 .debug_info    0x00000000      0x18f startup.o
 .debug_info    0x0000018f      0xaa3 main.o
 .debug_info    0x00000c32      0xa5f AlarmActuatorDriver.o
 .debug_info    0x00001691      0x112 ComparingAlgorithm.o
 .debug_info    0x000017a3      0xa05 driver.o
 .debug_info    0x000021a8      0x11f AlarmMonitor.o
 .debug_info    0x000022c7      0xa43 PressureSensorDriver.o

.debug_abbrev   0x00000000      0x9f2
 .debug_abbrev  0x00000000       0xd4 startup.o
 .debug_abbrev  0x000000d4      0x1af main.o
 .debug_abbrev  0x00000283      0x1d0 AlarmActuatorDriver.o
 .debug_abbrev  0x00000453       0xef ComparingAlgorithm.o
 .debug_abbrev  0x00000542      0x1de driver.o
 .debug_abbrev  0x00000720       0xf1 AlarmMonitor.o
 .debug_abbrev  0x00000811      0x1e1 PressureSensorDriver.o

.debug_loc      0x00000000      0x598
 .debug_loc     0x00000000       0x7c startup.o
 .debug_loc     0x0000007c       0x2c main.o
 .debug_loc     0x000000a8      0x168 AlarmActuatorDriver.o
 .debug_loc     0x00000210       0xcc ComparingAlgorithm.o
 .debug_loc     0x000002dc      0x140 driver.o
 .debug_loc     0x0000041c       0xe0 AlarmMonitor.o
 .debug_loc     0x000004fc       0x9c PressureSensorDriver.o

.debug_aranges  0x00000000       0xe0
 .debug_aranges
                0x00000000       0x20 startup.o
 .debug_aranges
                0x00000020       0x20 main.o
 .debug_aranges
                0x00000040       0x20 AlarmActuatorDriver.o
 .debug_aranges
                0x00000060       0x20 ComparingAlgorithm.o
 .debug_aranges
                0x00000080       0x20 driver.o
 .debug_aranges
                0x000000a0       0x20 AlarmMonitor.o
 .debug_aranges
                0x000000c0       0x20 PressureSensorDriver.o

.debug_line     0x00000000      0x6bb
 .debug_line    0x00000000      0x104 startup.o
 .debug_line    0x00000104      0x15c main.o
 .debug_line    0x00000260      0x11d AlarmActuatorDriver.o
 .debug_line    0x0000037d       0x68 ComparingAlgorithm.o
 .debug_line    0x000003e5      0x15f driver.o
 .debug_line    0x00000544       0x60 AlarmMonitor.o
 .debug_line    0x000005a4      0x117 PressureSensorDriver.o

.debug_str      0x00000000      0x7b3
 .debug_str     0x00000000      0x19f startup.o
                                0x1dc (size before relaxing)
 .debug_str     0x0000019f      0x44f main.o
                                0x629 (size before relaxing)
 .debug_str     0x000005ee       0x6f AlarmActuatorDriver.o
                                0x5e3 (size before relaxing)
 .debug_str     0x0000065d       0x57 ComparingAlgorithm.o
                                0x15a (size before relaxing)
 .debug_str     0x000006b4       0x4c driver.o
                                0x58f (size before relaxing)
 .debug_str     0x00000700       0x5b AlarmMonitor.o
                                0x16c (size before relaxing)
 .debug_str     0x0000075b       0x58 PressureSensorDriver.o
                                0x5bf (size before relaxing)

.comment        0x00000000       0x7e
 .comment       0x00000000       0x7e startup.o
                                 0x7f (size before relaxing)
 .comment       0x0000007e       0x7f main.o
 .comment       0x0000007e       0x7f AlarmActuatorDriver.o
 .comment       0x0000007e       0x7f ComparingAlgorithm.o
 .comment       0x0000007e       0x7f driver.o
 .comment       0x0000007e       0x7f AlarmMonitor.o
 .comment       0x0000007e       0x7f PressureSensorDriver.o

.ARM.attributes
                0x00000000       0x33
 .ARM.attributes
                0x00000000       0x33 startup.o
 .ARM.attributes
                0x00000033       0x33 main.o
 .ARM.attributes
                0x00000066       0x33 AlarmActuatorDriver.o
 .ARM.attributes
                0x00000099       0x33 ComparingAlgorithm.o
 .ARM.attributes
                0x000000cc       0x33 driver.o
 .ARM.attributes
                0x000000ff       0x33 AlarmMonitor.o
 .ARM.attributes
                0x00000132       0x33 PressureSensorDriver.o

.debug_frame    0x00000000      0x348
 .debug_frame   0x00000000       0x50 startup.o
 .debug_frame   0x00000050       0x2c main.o
 .debug_frame   0x0000007c       0xc8 AlarmActuatorDriver.o
 .debug_frame   0x00000144       0x74 ComparingAlgorithm.o
 .debug_frame   0x000001b8       0xa0 driver.o
 .debug_frame   0x00000258       0x88 AlarmMonitor.o
 .debug_frame   0x000002e0       0x68 PressureSensorDriver.o
