
Memory Configuration

Name             Origin             Length             Attributes
FLASH            0x08000000         0x00020000         xr
SRAM             0x20000000         0x00005000         xrw
*default*        0x00000000         0xffffffff

Linker script and memory map


.text           0x08000000      0x133
 *(.vectors*)
 .vectors       0x08000000       0x1c startup.o
                0x08000000                vectors
 *(.text*)
 .text          0x0800001c       0x98 startup.o
                0x0800001c                H_Fault_Handler
                0x0800001c                MM_Fault_Handler
                0x0800001c                Usage_Fault_Handler
                0x0800001c                Bus_Fault
                0x0800001c                Default_Handler
                0x0800001c                NMI_Handler
                0x08000028                Reset_Handler
 .text          0x080000b4       0x7c main.o
                0x080000b4                main
 *(.rodata)
 .rodata        0x08000130        0x3 main.o
                0x08000130                const_var
                0x08000133                _E_text_ = .

.glue_7         0x08000134        0x0
 .glue_7        0x08000134        0x0 linker stubs

.glue_7t        0x08000134        0x0
 .glue_7t       0x08000134        0x0 linker stubs

.vfp11_veneer   0x08000134        0x0
 .vfp11_veneer  0x08000134        0x0 linker stubs

.v4_bx          0x08000134        0x0
 .v4_bx         0x08000134        0x0 linker stubs

.iplt           0x08000134        0x0
 .iplt          0x08000134        0x0 startup.o

.rel.dyn        0x08000134        0x0
 .rel.iplt      0x08000134        0x0 startup.o

.data           0x20000000        0x8 load address 0x08000133
                0x20000000                _S_data_ = .
 *(.data)
 .data          0x20000000        0x0 startup.o
 .data          0x20000000        0x7 main.o
                0x20000000                R_ODR
                0x20000004                g_var
                0x20000008                . = ALIGN (0x4)
 *fill*         0x20000007        0x1 
                0x20000008                _E_data_ = .

.igot.plt       0x20000008        0x0 load address 0x0800013b
 .igot.plt      0x20000008        0x0 startup.o

.bss            0x20000008        0x0 load address 0x0800013b
                0x20000008                _S_bss_ = .
 *(.bss)
 .bss           0x20000008        0x0 startup.o
 .bss           0x20000008        0x0 main.o
                0x20000008                . = ALIGN (0x4)
                0x20000008                _E_bss_ = .
                0x20001008                . = (. + 0x1000)
                0x20001008                _STACK_top = .
LOAD startup.o
LOAD main.o
OUTPUT(learn-in-depth-cortex-m3.elf elf32-littlearm)

.debug_info     0x00000000      0x32c
 .debug_info    0x00000000      0x18f startup.o
 .debug_info    0x0000018f      0x19d main.o

.debug_abbrev   0x00000000      0x1cb
 .debug_abbrev  0x00000000       0xd4 startup.o
 .debug_abbrev  0x000000d4       0xf7 main.o

.debug_loc      0x00000000       0xb4
 .debug_loc     0x00000000       0x7c startup.o
 .debug_loc     0x0000007c       0x38 main.o

.debug_aranges  0x00000000       0x40
 .debug_aranges
                0x00000000       0x20 startup.o
 .debug_aranges
                0x00000020       0x20 main.o

.debug_line     0x00000000      0x1f3
 .debug_line    0x00000000      0x104 startup.o
 .debug_line    0x00000104       0xef main.o

.debug_str      0x00000000      0x1ec
 .debug_str     0x00000000      0x19f startup.o
                                0x1dc (size before relaxing)
 .debug_str     0x0000019f       0x4d main.o
                                0x1a3 (size before relaxing)

.comment        0x00000000       0x7e
 .comment       0x00000000       0x7e startup.o
                                 0x7f (size before relaxing)
 .comment       0x0000007e       0x7f main.o

.ARM.attributes
                0x00000000       0x33
 .ARM.attributes
                0x00000000       0x33 startup.o
 .ARM.attributes
                0x00000033       0x33 main.o

.debug_frame    0x00000000       0x7c
 .debug_frame   0x00000000       0x50 startup.o
 .debug_frame   0x00000050       0x2c main.o
