exti.c:29:6:NVIC_Enable	16	static
exti.c:64:6:NVIC_Disable	16	static
exti.c:99:6:Configure_EXTI	24	static
exti.c:166:6:MCAL_EXTI_deinit	4	static
exti.c:197:6:MCAL_EXTI_init	16	static
exti.c:209:6:MCAL_EXTI_update	16	static
exti.c:218:6:EXTI0_IRQHandler	8	static
exti.c:223:6:EXTI1_IRQHandler	8	static
exti.c:228:6:EXTI2_IRQHandler	8	static
exti.c:233:6:EXTI3_IRQHandler	8	static
exti.c:238:6:EXTI4_IRQHandler	8	static
exti.c:243:6:EXTI9_5_IRQHandler	8	static
exti.c:266:6:EXTI15_10_IRQHandler	8	static
