20:18:17 **** Build of configuration Debug for project Drivers ****
make -j8 all 
arm-none-eabi-gcc -gdwarf-2 -mcpu=cortex-m3 -g3 -c -x assembler-with-cpp -MMD -MP -MF"Startup/startup_stm32f103c6tx.d" -MT"Startup/startup_stm32f103c6tx.o" --specs=nano.specs -mfloat-abi=soft -mthumb -o "Startup/startup_stm32f103c6tx.o" "../Startup/startup_stm32f103c6tx.s"
arm-none-eabi-gcc -gdwarf-2 "../Src/main.c" -mcpu=cortex-m3 -std=gnu11 -g3 -DSTM32 -DSTM32F1 -DSTM32F103C6Tx -DDEBUG -c -I../Inc -I"E:/Embedded Systems Diploma/Embedded Diploma/Unit7_MCU_Essential_Peripherals/Lesson3/Drivers/STM32F103C6_Drivers/inc" -O0 -ffunction-sections -fdata-sections -Wall -fstack-usage -MMD -MP -MF"Src/main.d" -MT"Src/main.o" --specs=nano.specs -mfloat-abi=soft -mthumb -o "Src/main.o"
arm-none-eabi-gcc -gdwarf-2 "../Src/syscalls.c" -mcpu=cortex-m3 -std=gnu11 -g3 -DSTM32 -DSTM32F1 -DSTM32F103C6Tx -DDEBUG -c -I../Inc -I"E:/Embedded Systems Diploma/Embedded Diploma/Unit7_MCU_Essential_Peripherals/Lesson3/Drivers/STM32F103C6_Drivers/inc" -O0 -ffunction-sections -fdata-sections -Wall -fstack-usage -MMD -MP -MF"Src/syscalls.d" -MT"Src/syscalls.o" --specs=nano.specs -mfloat-abi=soft -mthumb -o "Src/syscalls.o"
arm-none-eabi-gcc -gdwarf-2 "../Src/sysmem.c" -mcpu=cortex-m3 -std=gnu11 -g3 -DSTM32 -DSTM32F1 -DSTM32F103C6Tx -DDEBUG -c -I../Inc -I"E:/Embedded Systems Diploma/Embedded Diploma/Unit7_MCU_Essential_Peripherals/Lesson3/Drivers/STM32F103C6_Drivers/inc" -O0 -ffunction-sections -fdata-sections -Wall -fstack-usage -MMD -MP -MF"Src/sysmem.d" -MT"Src/sysmem.o" --specs=nano.specs -mfloat-abi=soft -mthumb -o "Src/sysmem.o"
arm-none-eabi-gcc -gdwarf-2 "../STM32F103C6_Drivers/gpio.c" -mcpu=cortex-m3 -std=gnu11 -g3 -DSTM32 -DSTM32F1 -DSTM32F103C6Tx -DDEBUG -c -I../Inc -I"E:/Embedded Systems Diploma/Embedded Diploma/Unit7_MCU_Essential_Peripherals/Lesson3/Drivers/STM32F103C6_Drivers/inc" -O0 -ffunction-sections -fdata-sections -Wall -fstack-usage -MMD -MP -MF"STM32F103C6_Drivers/gpio.d" -MT"STM32F103C6_Drivers/gpio.o" --specs=nano.specs -mfloat-abi=soft -mthumb -o "STM32F103C6_Drivers/gpio.o"
In file included from ../Src/main.c:25:0:
E:/Embedded Systems Diploma/Embedded Diploma/Unit7_MCU_Essential_Peripherals/Lesson3/Drivers/STM32F103C6_Drivers/inc/gpio.h:78:36: error: expected declaration specifiers or '...' before ')' token
 void MCAL_GPIO_init(GPIO_t *GPIOx, );
                                    ^
make: *** [Src/subdir.mk:24: Src/main.o] Error 1
make: *** Waiting for unfinished jobs....
"make -j8 all" terminated with exit code 2. Build might be incomplete.
20:18:27 **** Incremental Build of configuration Debug for project Drivers ****
make -j8 all 
arm-none-eabi-gcc -gdwarf-2 "../Src/main.c" -mcpu=cortex-m3 -std=gnu11 -g3 -DSTM32 -DSTM32F1 -DSTM32F103C6Tx -DDEBUG -c -I../Inc -I"E:/Embedded Systems Diploma/Embedded Diploma/Unit7_MCU_Essential_Peripherals/Lesson3/Drivers/STM32F103C6_Drivers/inc" -O0 -ffunction-sections -fdata-sections -Wall -fstack-usage -MMD -MP -MF"Src/main.d" -MT"Src/main.o" --specs=nano.specs -mfloat-abi=soft -mthumb -o "Src/main.o"
arm-none-eabi-gcc -gdwarf-2 -o "Drivers.elf" @"objects.list"   -mcpu=cortex-m3 -T"E:\Embedded Systems Diploma\Embedded Diploma\Unit7_MCU_Essential_Peripherals\Lesson3\Drivers\STM32F103C6TX_FLASH.ld" --specs=nosys.specs -Wl,-Map="Drivers.map" -Wl,--gc-sections -static --specs=nano.specs -mfloat-abi=soft -mthumb -Wl,--start-group -lc -lm -Wl,--end-group
Finished building target: Drivers.elf
 
arm-none-eabi-size   Drivers.elf 
arm-none-eabi-objdump -h -S  Drivers.elf  > "Drivers.list"
arm-none-eabi-objcopy  -O binary  Drivers.elf  "Drivers.bin"
   text	   data	    bss	    dec	    hex	filename
    556	      8	   1568	   2132	    854	Drivers.elf
Finished building: default.size.stdout
 
Finished building: Drivers.bin
Finished building: Drivers.list
 
 
20:55:31 **** Incremental Build of configuration Debug for project Drivers ****
make -j8 all 
arm-none-eabi-gcc -gdwarf-2 "../Src/main.c" -mcpu=cortex-m3 -std=gnu11 -g3 -DSTM32 -DSTM32F1 -DSTM32F103C6Tx -DDEBUG -c -I../Inc -I"E:/Embedded Systems Diploma/Embedded Diploma/Unit7_MCU_Essential_Peripherals/Lesson3/Drivers/STM32F103C6_Drivers/inc" -O0 -ffunction-sections -fdata-sections -Wall -fstack-usage -MMD -MP -MF"Src/main.d" -MT"Src/main.o" --specs=nano.specs -mfloat-abi=soft -mthumb -o "Src/main.o"
arm-none-eabi-gcc -gdwarf-2 "../STM32F103C6_Drivers/gpio.c" -mcpu=cortex-m3 -std=gnu11 -g3 -DSTM32 -DSTM32F1 -DSTM32F103C6Tx -DDEBUG -c -I../Inc -I"E:/Embedded Systems Diploma/Embedded Diploma/Unit7_MCU_Essential_Peripherals/Lesson3/Drivers/STM32F103C6_Drivers/inc" -O0 -ffunction-sections -fdata-sections -Wall -fstack-usage -MMD -MP -MF"STM32F103C6_Drivers/gpio.d" -MT"STM32F103C6_Drivers/gpio.o" --specs=nano.specs -mfloat-abi=soft -mthumb -o "STM32F103C6_Drivers/gpio.o"
../STM32F103C6_Drivers/gpio.c: In function 'MCAL_GPIO_ReadPin':
../STM32F103C6_Drivers/gpio.c:49:1: warning: control reaches end of non-void function [-Wreturn-type]
 }
 ^
../STM32F103C6_Drivers/gpio.c: In function 'MCAL_GPIO_ReadPort':
../STM32F103C6_Drivers/gpio.c:61:1: warning: control reaches end of non-void function [-Wreturn-type]
 }
 ^
../STM32F103C6_Drivers/gpio.c: In function 'MCAL_GPIO_LockPin':
../STM32F103C6_Drivers/gpio.c:113:1: warning: control reaches end of non-void function [-Wreturn-type]
 }
 ^
arm-none-eabi-gcc -gdwarf-2 -o "Drivers.elf" @"objects.list"   -mcpu=cortex-m3 -T"E:\Embedded Systems Diploma\Embedded Diploma\Unit7_MCU_Essential_Peripherals\Lesson3\Drivers\STM32F103C6TX_FLASH.ld" --specs=nosys.specs -Wl,-Map="Drivers.map" -Wl,--gc-sections -static --specs=nano.specs -mfloat-abi=soft -mthumb -Wl,--start-group -lc -lm -Wl,--end-group
Finished building target: Drivers.elf
 
arm-none-eabi-objdump -h -S  Drivers.elf  > "Drivers.list"
arm-none-eabi-objcopy  -O binary  Drivers.elf  "Drivers.bin"
arm-none-eabi-size   Drivers.elf 
   text	   data	    bss	    dec	    hex	filename
    556	      8	   1568	   2132	    854	Drivers.elf
Finished building: default.size.stdout
Finished building: Drivers.list
Finished building: Drivers.bin
 
 
 
21:26:21 **** Incremental Build of configuration Debug for project Drivers ****
make -j8 all 
arm-none-eabi-gcc -gdwarf-2 "../STM32F103C6_Drivers/gpio.c" -mcpu=cortex-m3 -std=gnu11 -g3 -DSTM32 -DSTM32F1 -DSTM32F103C6Tx -DDEBUG -c -I../Inc -I"E:/Embedded Systems Diploma/Embedded Diploma/Unit7_MCU_Essential_Peripherals/Lesson3/Drivers/STM32F103C6_Drivers/inc" -O0 -ffunction-sections -fdata-sections -Wall -fstack-usage -MMD -MP -MF"STM32F103C6_Drivers/gpio.d" -MT"STM32F103C6_Drivers/gpio.o" --specs=nano.specs -mfloat-abi=soft -mthumb -o "STM32F103C6_Drivers/gpio.o"
../STM32F103C6_Drivers/gpio.c: In function 'MCAL_GPIO_ReadPin':
../STM32F103C6_Drivers/gpio.c:137:1: warning: control reaches end of non-void function [-Wreturn-type]
 }
 ^
../STM32F103C6_Drivers/gpio.c: In function 'MCAL_GPIO_ReadPort':
../STM32F103C6_Drivers/gpio.c:149:1: warning: control reaches end of non-void function [-Wreturn-type]
 }
 ^
../STM32F103C6_Drivers/gpio.c: In function 'MCAL_GPIO_LockPin':
../STM32F103C6_Drivers/gpio.c:201:1: warning: control reaches end of non-void function [-Wreturn-type]
 }
 ^
arm-none-eabi-gcc -gdwarf-2 -o "Drivers.elf" @"objects.list"   -mcpu=cortex-m3 -T"E:\Embedded Systems Diploma\Embedded Diploma\Unit7_MCU_Essential_Peripherals\Lesson3\Drivers\STM32F103C6TX_FLASH.ld" --specs=nosys.specs -Wl,-Map="Drivers.map" -Wl,--gc-sections -static --specs=nano.specs -mfloat-abi=soft -mthumb -Wl,--start-group -lc -lm -Wl,--end-group
Finished building target: Drivers.elf
 
arm-none-eabi-objdump -h -S  Drivers.elf  > "Drivers.list"
arm-none-eabi-objcopy  -O binary  Drivers.elf  "Drivers.bin"
arm-none-eabi-size   Drivers.elf 
   text	   data	    bss	    dec	    hex	filename
    556	      8	   1568	   2132	    854	Drivers.elf
Finished building: default.size.stdout
 
Finished building: Drivers.list
Finished building: Drivers.bin
 
 
21:44:51 **** Incremental Build of configuration Debug for project Drivers ****
make -j8 all 
arm-none-eabi-gcc -gdwarf-2 "../STM32F103C6_Drivers/gpio.c" -mcpu=cortex-m3 -std=gnu11 -g3 -DSTM32 -DSTM32F1 -DSTM32F103C6Tx -DDEBUG -c -I../Inc -I"E:/Embedded Systems Diploma/Embedded Diploma/Unit7_MCU_Essential_Peripherals/Lesson3/Drivers/STM32F103C6_Drivers/inc" -O0 -ffunction-sections -fdata-sections -Wall -fstack-usage -MMD -MP -MF"STM32F103C6_Drivers/gpio.d" -MT"STM32F103C6_Drivers/gpio.o" --specs=nano.specs -mfloat-abi=soft -mthumb -o "STM32F103C6_Drivers/gpio.o"
../STM32F103C6_Drivers/gpio.c: In function 'MCAL_GPIO_WritePin':
../STM32F103C6_Drivers/gpio.c:192:5: error: 'value' undeclared (first use in this function); did you mean '_glue'?
  if(value != GPIO_PIN_RESET){
     ^~~~~
     _glue
../STM32F103C6_Drivers/gpio.c:192:5: note: each undeclared identifier is reported only once for each function it appears in
make: *** [STM32F103C6_Drivers/subdir.mk:18: STM32F103C6_Drivers/gpio.o] Error 1
"make -j8 all" terminated with exit code 2. Build might be incomplete.
21:45:07 **** Incremental Build of configuration Debug for project Drivers ****
make -j8 all 
arm-none-eabi-gcc -gdwarf-2 "../STM32F103C6_Drivers/gpio.c" -mcpu=cortex-m3 -std=gnu11 -g3 -DSTM32 -DSTM32F1 -DSTM32F103C6Tx -DDEBUG -c -I../Inc -I"E:/Embedded Systems Diploma/Embedded Diploma/Unit7_MCU_Essential_Peripherals/Lesson3/Drivers/STM32F103C6_Drivers/inc" -O0 -ffunction-sections -fdata-sections -Wall -fstack-usage -MMD -MP -MF"STM32F103C6_Drivers/gpio.d" -MT"STM32F103C6_Drivers/gpio.o" --specs=nano.specs -mfloat-abi=soft -mthumb -o "STM32F103C6_Drivers/gpio.o"
arm-none-eabi-gcc -gdwarf-2 -o "Drivers.elf" @"objects.list"   -mcpu=cortex-m3 -T"E:\Embedded Systems Diploma\Embedded Diploma\Unit7_MCU_Essential_Peripherals\Lesson3\Drivers\STM32F103C6TX_FLASH.ld" --specs=nosys.specs -Wl,-Map="Drivers.map" -Wl,--gc-sections -static --specs=nano.specs -mfloat-abi=soft -mthumb -Wl,--start-group -lc -lm -Wl,--end-group
Finished building target: Drivers.elf
 
arm-none-eabi-objdump -h -S  Drivers.elf  > "Drivers.list"
arm-none-eabi-objcopy  -O binary  Drivers.elf  "Drivers.bin"
arm-none-eabi-size   Drivers.elf 
   text	   data	    bss	    dec	    hex	filename
    556	      8	   1568	   2132	    854	Drivers.elf
Finished building: default.size.stdout
 
Finished building: Drivers.bin
Finished building: Drivers.list
 
 
21:45:40 **** Incremental Build of configuration Debug for project Drivers ****
make -j8 all 
arm-none-eabi-size   Drivers.elf 
   text	   data	    bss	    dec	    hex	filename
    556	      8	   1568	   2132	    854	Drivers.elf
Finished building: default.size.stdout
 
21:53:30 **** Incremental Build of configuration Debug for project Drivers ****
make -j8 all 
arm-none-eabi-gcc -gdwarf-2 "../Src/main.c" -mcpu=cortex-m3 -std=gnu11 -g3 -DSTM32 -DSTM32F1 -DSTM32F103C6Tx -DDEBUG -c -I../Inc -I"E:/Embedded Systems Diploma/Embedded Diploma/Unit7_MCU_Essential_Peripherals/Lesson3/Drivers/STM32F103C6_Drivers/inc" -O0 -ffunction-sections -fdata-sections -Wall -fstack-usage -MMD -MP -MF"Src/main.d" -MT"Src/main.o" --specs=nano.specs -mfloat-abi=soft -mthumb -o "Src/main.o"
../Src/main.c: In function 'GPIO_init':
../Src/main.c:43:24: error: incompatible type for argument 2 of 'MCAL_GPIO_init'
  MCAL_GPIO_init(GPIOA, PinConfig);
                        ^~~~~~~~~
In file included from ../Src/main.c:25:0:
E:/Embedded Systems Diploma/Embedded Diploma/Unit7_MCU_Essential_Peripherals/Lesson3/Drivers/STM32F103C6_Drivers/inc/gpio.h:91:6: note: expected 'GPIO_PinConfig_t * {aka struct <anonymous> *}' but argument is of type 'GPIO_PinConfig_t {aka struct <anonymous>}'
 void MCAL_GPIO_init(GPIO_t *GPIOx, GPIO_PinConfig_t *PinConfig);
      ^~~~~~~~~~~~~~
../Src/main.c:50:24: error: incompatible type for argument 2 of 'MCAL_GPIO_init'
  MCAL_GPIO_init(GPIOB, PinConfig);
                        ^~~~~~~~~
In file included from ../Src/main.c:25:0:
E:/Embedded Systems Diploma/Embedded Diploma/Unit7_MCU_Essential_Peripherals/Lesson3/Drivers/STM32F103C6_Drivers/inc/gpio.h:91:6: note: expected 'GPIO_PinConfig_t * {aka struct <anonymous> *}' but argument is of type 'GPIO_PinConfig_t {aka struct <anonymous>}'
 void MCAL_GPIO_init(GPIO_t *GPIOx, GPIO_PinConfig_t *PinConfig);
      ^~~~~~~~~~~~~~
../Src/main.c:56:24: error: incompatible type for argument 2 of 'MCAL_GPIO_init'
  MCAL_GPIO_init(GPIOA, PinConfig);
                        ^~~~~~~~~
In file included from ../Src/main.c:25:0:
E:/Embedded Systems Diploma/Embedded Diploma/Unit7_MCU_Essential_Peripherals/Lesson3/Drivers/STM32F103C6_Drivers/inc/gpio.h:91:6: note: expected 'GPIO_PinConfig_t * {aka struct <anonymous> *}' but argument is of type 'GPIO_PinConfig_t {aka struct <anonymous>}'
 void MCAL_GPIO_init(GPIO_t *GPIOx, GPIO_PinConfig_t *PinConfig);
      ^~~~~~~~~~~~~~
../Src/main.c:63:24: error: incompatible type for argument 2 of 'MCAL_GPIO_init'
  MCAL_GPIO_init(GPIOB, PinConfig);
                        ^~~~~~~~~
In file included from ../Src/main.c:25:0:
E:/Embedded Systems Diploma/Embedded Diploma/Unit7_MCU_Essential_Peripherals/Lesson3/Drivers/STM32F103C6_Drivers/inc/gpio.h:91:6: note: expected 'GPIO_PinConfig_t * {aka struct <anonymous> *}' but argument is of type 'GPIO_PinConfig_t {aka struct <anonymous>}'
 void MCAL_GPIO_init(GPIO_t *GPIOx, GPIO_PinConfig_t *PinConfig);
      ^~~~~~~~~~~~~~
make: *** [Src/subdir.mk:24: Src/main.o] Error 1
"make -j8 all" terminated with exit code 2. Build might be incomplete.
21:53:51 **** Incremental Build of configuration Debug for project Drivers ****
make -j8 all 
arm-none-eabi-gcc -gdwarf-2 "../Src/main.c" -mcpu=cortex-m3 -std=gnu11 -g3 -DSTM32 -DSTM32F1 -DSTM32F103C6Tx -DDEBUG -c -I../Inc -I"E:/Embedded Systems Diploma/Embedded Diploma/Unit7_MCU_Essential_Peripherals/Lesson3/Drivers/STM32F103C6_Drivers/inc" -O0 -ffunction-sections -fdata-sections -Wall -fstack-usage -MMD -MP -MF"Src/main.d" -MT"Src/main.o" --specs=nano.specs -mfloat-abi=soft -mthumb -o "Src/main.o"
arm-none-eabi-gcc -gdwarf-2 -o "Drivers.elf" @"objects.list"   -mcpu=cortex-m3 -T"E:\Embedded Systems Diploma\Embedded Diploma\Unit7_MCU_Essential_Peripherals\Lesson3\Drivers\STM32F103C6TX_FLASH.ld" --specs=nosys.specs -Wl,-Map="Drivers.map" -Wl,--gc-sections -static --specs=nano.specs -mfloat-abi=soft -mthumb -Wl,--start-group -lc -lm -Wl,--end-group
Finished building target: Drivers.elf
 
arm-none-eabi-objdump -h -S  Drivers.elf  > "Drivers.list"
arm-none-eabi-objcopy  -O binary  Drivers.elf  "Drivers.bin"
arm-none-eabi-size   Drivers.elf 
   text	   data	    bss	    dec	    hex	filename
   1380	      8	   1568	   2956	    b8c	Drivers.elf
Finished building: default.size.stdout
 
Finished building: Drivers.bin
Finished building: Drivers.list
 
 
