15:35:16 **** Incremental Build of configuration Debug for project Drivers ****
make -j8 all 
arm-none-eabi-gcc -gdwarf-2 "../HAL_Drivers/lcd.c" -mcpu=cortex-m3 -std=gnu11 -g3 -DSTM32 -DSTM32F1 -DSTM32F103C6Tx -DDEBUG -c -I../Inc -I"E:/Embedded Systems Diploma/Embedded Diploma/Unit7_MCU_Essential_Peripherals/Lesson4/Drivers/HAL_Drivers/inc" -I"E:/Embedded Systems Diploma/Embedded Diploma/Unit7_MCU_Essential_Peripherals/Lesson4/Drivers/STM32F103C6_Drivers/inc" -O0 -ffunction-sections -fdata-sections -Wall -fstack-usage -MMD -MP -MF"HAL_Drivers/lcd.d" -MT"HAL_Drivers/lcd.o" --specs=nano.specs -mfloat-abi=soft -mthumb -o "HAL_Drivers/lcd.o"
arm-none-eabi-gcc -gdwarf-2 -o "Drivers.elf" @"objects.list"   -mcpu=cortex-m3 -T"E:\Embedded Systems Diploma\Embedded Diploma\Unit7_MCU_Essential_Peripherals\Lesson4\Drivers\STM32F103C6TX_FLASH.ld" --specs=nosys.specs -Wl,-Map="Drivers.map" -Wl,--gc-sections -static --specs=nano.specs -mfloat-abi=soft -mthumb -Wl,--start-group -lc -lm -Wl,--end-group
Finished building target: Drivers.elf
 
arm-none-eabi-objdump -h -S  Drivers.elf  > "Drivers.list"
arm-none-eabi-objcopy  -O binary  Drivers.elf  "Drivers.bin"
arm-none-eabi-size   Drivers.elf 
   text	   data	    bss	    dec	    hex	filename
   4036	      8	   1640	   5684	   1634	Drivers.elf
Finished building: default.size.stdout
 
Finished building: Drivers.bin
Finished building: Drivers.list
 
 

15:35:17 Build Finished. 0 errors, 0 warnings. (took 544ms)

